#
# There is insufficient memory for the Java Runtime Environment to continue.
# Native memory allocation (mmap) failed to map 266338304 bytes. Error detail: G1 virtual space
# Possible reasons:
#   The system is out of physical RAM or swap space
#   This process is running with CompressedOops enabled, and the Java Heap may be blocking the growth of the native heap
# Possible solutions:
#   Reduce memory load on the system
#   Increase physical memory or swap space
#   Check if swap backing store is full
#   Decrease Java heap size (-Xmx/-Xms)
#   Decrease number of Java threads
#   Decrease Java thread stack sizes (-Xss)
#   Set larger code cache with -XX:ReservedCodeCacheSize=
#   JVM is running with Unscaled Compressed Oops mode in which the Java heap is
#     placed in the first 4GB address space. The Java Heap base address is the
#     maximum limit for the native heap growth. Please use -XX:HeapBaseMinAddress
#     to set the Java Heap base and to place the Java Heap above 4GB virtual address.
# This output file may be truncated or incomplete.
#
#  Out of Memory Error (os_windows.cpp:3554), pid=2580, tid=2808
#
# JRE version:  (25.0+37) (build )
# Java VM: Java HotSpot(TM) 64-Bit Server VM (25+37-LTS-3491, mixed mode, sharing, tiered, compressed oops, compressed class ptrs, g1 gc, windows-amd64)
# No core dump will be written. Minidumps are not enabled by default on client versions of Windows
#

---------------  S U M M A R Y ------------

Command Line: -Xmx512m -Dclassworlds.conf=D:\apache-maven-3.9.16\bin\m2.conf -Dmaven.home=D:\apache-maven-3.9.16 -Dlibrary.jansi.path=D:\apache-maven-3.9.16\lib\jansi-native -Dmaven.multiModuleProjectDirectory=D:\career-portal-fullstack_new\career-portal-fullstack\backend org.codehaus.plexus.classworlds.launcher.Launcher spring-boot:run

Host: Intel(R) Core(TM) i7-8665U CPU @ 1.90GHz, 8 cores, 15G,  Windows 11 , 64 bit Build 26100 (10.0.26100.8875)
Time: Wed Jul 29 15:14:50 2026 India Standard Time elapsed time: 2.041296 seconds (0d 0h 0m 2s)

---------------  T H R E A D  ---------------

Current thread (0x0000023d86255b70):  JavaThread "Unknown thread" [_thread_in_vm, id=2808, stack(0x000000d33f700000,0x000000d33f800000) (1024K)]

Stack: [0x000000d33f700000,0x000000d33f800000]
Native frames: (J=compiled Java code, j=interpreted, Vv=VM code, C=native code)
V  [jvm.dll+0x7a6a39]  (no source info available)
V  [jvm.dll+0x7727ed]  (no source info available)
V  [jvm.dll+0x965f33]  (no source info available)
V  [jvm.dll+0x968531]  (no source info available)
V  [jvm.dll+0x968c33]  (no source info available)
V  [jvm.dll+0x2fc756]  (no source info available)
V  [jvm.dll+0x7a2c65]  (no source info available)
V  [jvm.dll+0x796077]  (no source info available)
V  [jvm.dll+0x3f4698]  (no source info available)
V  [jvm.dll+0x3fc5b6]  (no source info available)
V  [jvm.dll+0x3e8c8e]  (no source info available)
V  [jvm.dll+0x3e8f48]  (no source info available)
V  [jvm.dll+0x3c0045]  (no source info available)
V  [jvm.dll+0x3c0cce]  (no source info available)
V  [jvm.dll+0x92c647]  (no source info available)
V  [jvm.dll+0x458b62]  (no source info available)
V  [jvm.dll+0x90fff2]  (no source info available)
V  [jvm.dll+0x4f9001]  (no source info available)
V  [jvm.dll+0x4fa891]  (no source info available)
C  [jli.dll+0x543e]  (no source info available)
C  [ucrtbase.dll+0x2cd30]  (no source info available)
C  [KERNEL32.DLL+0x2e957]  (no source info available)
C  [ntdll.dll+0xaad6c]  (no source info available)

Lock stack of current Java thread (top to bottom):


---------------  P R O C E S S  ---------------

Threads class SMR info:
_java_thread_list=0x00007ffa62be5308, length=0, elements={
}

Java Threads: ( => current thread )
Total: 0

Other Threads:
  0x0000023d8862b860 WorkerThread "GC Thread#0"                     [id=16064, stack(0x000000d33f800000,0x000000d33f900000) (1024K)]
  0x0000023d88632930 ConcurrentGCThread "G1 Main Marker"            [id=3848, stack(0x000000d33f900000,0x000000d33fa00000) (1024K)]
  0x0000023d88634240 WorkerThread "G1 Conc#0"                       [id=1728, stack(0x000000d33fa00000,0x000000d33fb00000) (1024K)]

[error occurred during error reporting (printing all threads), id 0xc0000005, EXCEPTION_ACCESS_VIOLATION (0xc0000005) at pc=0x00007ffa622c4c2a]
VM state: not at safepoint (not fully initialized)

VM Mutex/Monitor currently owned by a thread:  ([mutex/lock_event])
[0x00007ffa62c69628] Heap_lock - owner thread: 0x0000023d86255b70

Heap address: 0x00000000e0000000, size: 512 MB, Compressed Oops mode: 32-bit

CDS archive(s) mapped at: [0x0000000000000000-0x0000000000000000-0x0000000000000000), size 0, SharedBaseAddress: 0x0000000800000000, ArchiveRelocationMode: 1.
UseCompressedClassPointers 1, UseCompactObjectHeaders 0
Narrow klass pointer bits 32, Max shift 3
Narrow klass base: 0xffffffffffffffff, Narrow klass shift: -1
Encoding Range: [0xffffffffffffffff - 0x000000007fffffff), (2147483648 bytes)
Klass Range:    [0x0000000000000000 - 0x0000000000000000), (0 bytes)
Klass ID Range:  [4294967295 - 0) (1)
No protection zone.

GC Precious Log:
 CardTable entry size: 512
 Card Set container configuration: InlinePtr #cards 5 size 8 Array Of Cards #cards 10 size 36 Howl #buckets 4 coarsen threshold 1843 Howl Bitmap #cards 512 size 80 coarsen threshold 460 Card regions per heap region 1 cards per card region 2048

Heap:
 garbage-first heap   total reserved 524288K, committed 0K, used 0K [0x00000000e0000000, 0x0000000100000000)
  region size 1024K, 0 young (0K), 0 survivors (0K)

Heap Regions: E=young(eden), S=young(survivor), O=old, HS=humongous(starts), HC=humongous(continues), CS=collection set, F=free, TAMS=top-at-mark-start, PB=parsable bottom

Card table byte_map: [0x0000023da02b0000,0x0000023da03b0000] _byte_map_base: 0x0000023d9fbb0000

Marking Bits: (CMBitMap*) 0x0000023d8862bff0
 Bits: [0x0000023da03b0000, 0x0000023da0bb0000)

GC Heap Usage History (0 events):
No events

Metaspace Usage History (0 events):
No events

Dll operation events (1 events):
Event: 0.018 Loaded shared library C:\Program Files\Java\jdk-25\bin\java.dll

Deoptimization events (0 events):
No events

Classes loaded (0 events):
No events

Classes unloaded (0 events):
No events

Classes redefined (0 events):
No events

Internal exceptions (0 events):
No events

VM Operations (0 events):
No events

Memory protections (0 events):
No events

Nmethod flushes (0 events):
No events

Events (0 events):
No events


Dynamic libraries:
0x00007ff6c8160000 - 0x00007ff6c8170000 	C:\Program Files\Java\jdk-25\bin\java.exe
0x00007ffb2f4e0000 - 0x00007ffb2f746000 	C:\WINDOWS\SYSTEM32\ntdll.dll
0x00007ffb2e5b0000 - 0x00007ffb2e679000 	C:\WINDOWS\System32\KERNEL32.DLL
0x00007ffb2cc10000 - 0x00007ffb2d00e000 	C:\WINDOWS\System32\KERNELBASE.dll
0x00007ffb2c7c0000 - 0x00007ffb2c90c000 	C:\WINDOWS\System32\ucrtbase.dll
0x00007ffaf6970000 - 0x00007ffaf698e000 	C:\Program Files\Java\jdk-25\bin\VCRUNTIME140.dll
0x00007ffb28d90000 - 0x00007ffb28da7000 	C:\Program Files\Java\jdk-25\bin\jli.dll
0x00007ffb2f280000 - 0x00007ffb2f447000 	C:\WINDOWS\System32\USER32.dll
0x00007ffb2c700000 - 0x00007ffb2c727000 	C:\WINDOWS\System32\win32u.dll
0x00007ffb0dd70000 - 0x00007ffb0e002000 	C:\WINDOWS\WinSxS\amd64_microsoft.windows.common-controls_6595b64144ccf1df_6.0.26100.8875_none_3e0d5d42e32fe9dd\COMCTL32.dll
0x00007ffb2d210000 - 0x00007ffb2d23b000 	C:\WINDOWS\System32\GDI32.dll
0x00007ffb2dda0000 - 0x00007ffb2de49000 	C:\WINDOWS\System32\msvcrt.dll
0x00007ffb2d0e0000 - 0x00007ffb2d20a000 	C:\WINDOWS\System32\gdi32full.dll
0x00007ffb2caa0000 - 0x00007ffb2cb43000 	C:\WINDOWS\System32\msvcp_win.dll
0x00007ffb2ef10000 - 0x00007ffb2ef42000 	C:\WINDOWS\System32\IMM32.DLL
0x00007ffb28d60000 - 0x00007ffb28d6c000 	C:\Program Files\Java\jdk-25\bin\vcruntime140_1.dll
0x00007ffad8d00000 - 0x00007ffad8d8d000 	C:\Program Files\Java\jdk-25\bin\msvcp140.dll
0x00007ffa61ef0000 - 0x00007ffa62d4f000 	C:\Program Files\Java\jdk-25\bin\server\jvm.dll
0x00007ffb2eb10000 - 0x00007ffb2ebc7000 	C:\WINDOWS\System32\ADVAPI32.dll
0x00007ffb2ef50000 - 0x00007ffb2effa000 	C:\WINDOWS\System32\sechost.dll
0x00007ffb2d460000 - 0x00007ffb2d578000 	C:\WINDOWS\System32\RPCRT4.dll
0x00007ffb2e2a0000 - 0x00007ffb2e320000 	C:\WINDOWS\System32\WS2_32.dll
0x00007ffb2c560000 - 0x00007ffb2c5be000 	C:\WINDOWS\SYSTEM32\POWRPROF.dll
0x00007ffb1c400000 - 0x00007ffb1c436000 	C:\WINDOWS\SYSTEM32\WINMM.dll
0x00007ffb25480000 - 0x00007ffb2548b000 	C:\WINDOWS\SYSTEM32\VERSION.dll
0x00007ffb2c540000 - 0x00007ffb2c554000 	C:\WINDOWS\SYSTEM32\UMPDC.dll
0x00007ffb2b3a0000 - 0x00007ffb2b3bb000 	C:\WINDOWS\SYSTEM32\kernel.appcore.dll
0x00007ffb1f490000 - 0x00007ffb1f49a000 	C:\Program Files\Java\jdk-25\bin\jimage.dll
0x00007ffb29bf0000 - 0x00007ffb29e32000 	C:\WINDOWS\SYSTEM32\DBGHELP.DLL
0x00007ffb2de50000 - 0x00007ffb2e1d3000 	C:\WINDOWS\System32\combase.dll
0x00007ffb2ec90000 - 0x00007ffb2ed69000 	C:\WINDOWS\System32\OLEAUT32.dll
0x00007ffb0e110000 - 0x00007ffb0e14b000 	C:\WINDOWS\SYSTEM32\dbgcore.DLL
0x00007ffb2d020000 - 0x00007ffb2d0cc000 	C:\WINDOWS\System32\bcryptPrimitives.dll
0x00007ffaf6910000 - 0x00007ffaf692f000 	C:\Program Files\Java\jdk-25\bin\java.dll
0x00007ffb2ed70000 - 0x00007ffb2ef09000 	C:\WINDOWS\System32\ole32.dll
0x00007ffb2d580000 - 0x00007ffb2dd12000 	C:\WINDOWS\System32\SHELL32.dll

JVMTI agents: none

dbghelp: loaded successfully - version: 4.0.5 - missing functions: none
symbol engine: initialized successfully - sym options: 0x614 - pdb path: .;C:\Program Files\Java\jdk-25\bin;C:\WINDOWS\SYSTEM32;C:\WINDOWS\WinSxS\amd64_microsoft.windows.common-controls_6595b64144ccf1df_6.0.26100.8875_none_3e0d5d42e32fe9dd;C:\Program Files\Java\jdk-25\bin\server

VM Arguments:
jvm_args: -Xmx512m -Dclassworlds.conf=D:\apache-maven-3.9.16\bin\m2.conf -Dmaven.home=D:\apache-maven-3.9.16 -Dlibrary.jansi.path=D:\apache-maven-3.9.16\lib\jansi-native -Dmaven.multiModuleProjectDirectory=D:\career-portal-fullstack_new\career-portal-fullstack\backend 
java_command: org.codehaus.plexus.classworlds.launcher.Launcher spring-boot:run
java_class_path (initial): D:\apache-maven-3.9.16\boot\plexus-classworlds-2.11.0.jar
Launcher Type: SUN_STANDARD

[Global flags]
     intx CICompilerCount                          = 4                                         {product} {ergonomic}
     uint ConcGCThreads                            = 2                                         {product} {ergonomic}
     uint G1ConcRefinementThreads                  = 8                                         {product} {ergonomic}
   size_t G1HeapRegionSize                         = 1048576                                   {product} {ergonomic}
   size_t InitialHeapSize                          = 266338304                                 {product} {ergonomic}
   size_t MarkStackSize                            = 4194304                                   {product} {ergonomic}
   size_t MarkStackSizeMax                         = 536870912                                 {product} {ergonomic}
   size_t MaxHeapSize                              = 536870912                                 {product} {command line}
   size_t MinHeapDeltaBytes                        = 1048576                                   {product} {ergonomic}
   size_t MinHeapSize                              = 8388608                                   {product} {ergonomic}
    uintx NonNMethodCodeHeapSize                   = 5832704                                {pd product} {ergonomic}
    uintx NonProfiledCodeHeapSize                  = 122945536                              {pd product} {ergonomic}
    uintx ProfiledCodeHeapSize                     = 122880000                              {pd product} {ergonomic}
    uintx ReservedCodeCacheSize                    = 251658240                              {pd product} {ergonomic}
     bool SegmentedCodeCache                       = true                                      {product} {ergonomic}
   size_t SoftMaxHeapSize                          = 536870912                              {manageable} {ergonomic}
     bool UseCompressedOops                        = true                           {product lp64_product} {ergonomic}
     bool UseG1GC                                  = true                                      {product} {ergonomic}
     bool UseLargePagesIndividualAllocation        = false                                  {pd product} {ergonomic}

Logging:
Log output configuration:
 #0: stdout all=warning uptime,level,tags foldmultilines=false
 #1: stderr all=off uptime,level,tags foldmultilines=false

Release file:
<release file has not been read>
Environment Variables:
PATH=C:\Python314\Scripts\;C:\Python314\;C:\Program Files\Common Files\Oracle\Java\javapath;C:\WINDOWS\system32;C:\WINDOWS;C:\WINDOWS\System32\Wbem;C:\WINDOWS\System32\WindowsPowerShell\v1.0\;C:\WINDOWS\System32\OpenSSH\;C:\Program Files\Git\cmd;C:\Program Files\dotnet\;C:\ProgramData\chocolatey\bin;D:\apache-maven-3.9.16\bin;C:\Program Files\nodejs\;C:\Program Files\MySQL\MySQL Shell 8.0\bin\;C:\Users\Admin\AppData\Local\Microsoft\WindowsApps;C:\Users\Admin\AppData\Local\Programs\Microsoft VS Code\bin;C:\Users\Admin\.dotnet\tools;C:\Users\Admin\AppData\Roaming\npm;C:\ProgramData\Admin\GitHubDesktop\bin;C:\Users\Admin\AppData\Local\GitHubDesktop\bin;C:\Users\Admin\AppData\Local\Kingsoft\WPS Office\12.1.0.27458\clitool;C:\Users\Admin\AppData\Local\Programs\DockerDesktop\resources\bin
USERNAME=Admin
OS=Windows_NT
PROCESSOR_IDENTIFIER=Intel64 Family 6 Model 142 Stepping 12, GenuineIntel
TMP=C:\Users\Admin\AppData\Local\Temp
TEMP=C:\Users\Admin\AppData\Local\Temp




Compilation memory statistics disabled.

Periodic native trim disabled

---------------  S Y S T E M  ---------------

OS:
 Windows 11 , 64 bit Build 26100 (10.0.26100.8875)
OS uptime: 1 days 1:08 hours
Hyper-V role detected

CPU: total 8 (initial active 8) (4 cores per cpu, 2 threads per core) family 6 model 142 stepping 12 microcode 0xfa, cx8, cmov, fxsr, ht, mmx, 3dnowpref, sse, sse2, sse3, ssse3, sse4.1, sse4.2, popcnt, lzcnt, tsc, tscinvbit, avx, avx2, aes, erms, clmul, bmi1, bmi2, adx, fma, vzeroupper, clflush, clflushopt, hv, rdtscp, f16c
Processor Information for processor 0
  Max Mhz: 2112, Current Mhz: 1508, Mhz Limit: 1900
Processor Information for processor 1
  Max Mhz: 2112, Current Mhz: 1508, Mhz Limit: 1900
Processor Information for processor 2
  Max Mhz: 2112, Current Mhz: 1508, Mhz Limit: 1900
Processor Information for processor 3
  Max Mhz: 2112, Current Mhz: 1508, Mhz Limit: 1900
Processor Information for processor 4
  Max Mhz: 2112, Current Mhz: 1508, Mhz Limit: 1900
Processor Information for processor 5
  Max Mhz: 2112, Current Mhz: 1508, Mhz Limit: 1900
Processor Information for processor 6
  Max Mhz: 2112, Current Mhz: 1910, Mhz Limit: 1900
Processor Information for processor 7
  Max Mhz: 2112, Current Mhz: 1508, Mhz Limit: 1900

Memory: 4k page, system-wide physical 16194M (3787M free)
TotalPageFile size 18242M (AvailPageFile size 82M)
current process WorkingSet (physical memory assigned to process): 14M, peak: 14M
current process commit charge ("private bytes"): 60M, peak: 314M

vm_info: Java HotSpot(TM) 64-Bit Server VM (25+37-LTS-3491) for windows-amd64 JRE (25+37-LTS-3491), built on 2025-08-14T21:13:00Z with unknown MS VC++:1943

END.
